{"host": "b5b72bfffd00", "python": "3.11.17", "backend": "highs", "solver_version": "ortools 9.14.6206", "gurobi": null, "cpu_count": 128, "grb_settings": {"TimeLimit": 600, "Threads": 1, "OutputFlag": 0}, "parallel_workers": 8}
90 solves to run (0 already done)
Computing routes...
Computing routes...
Computing routes...
Computing routes...
Computing routes...
Computing routes...
Computing routes...
Computing routes...
[1/90] ref seattle_orlando s0 r6: status=2 t=0.25s gap=7.133225288025021e-07
[2/90] ref seattle_orlando s0 r5: status=2 t=0.25s gap=7.133225288025021e-07
[3/90] ref seattle_orlando s0 r2: status=2 t=0.25s gap=7.133225288025021e-07
[4/90] ref seattle_orlando s0 r7: status=2 t=0.25s gap=7.133225288025021e-07
[5/90] ref seattle_orlando s0 r4: status=2 t=0.25s gap=7.133225288025021e-07
[6/90] ref seattle_orlando s0 r0: status=2 t=0.25s gap=7.133225288025021e-07
[7/90] ref seattle_orlando s0 r3: status=2 t=0.25s gap=7.133225288025021e-07
[8/90] ref seattle_orlando s0 r1: status=2 t=0.25s gap=7.133225288025021e-07
Computing routes...
Computing routes...
Computing routes...
Computing routes...
Computing routes...Computing routes...

Computing routes...
Computing routes...
[9/90] ref seattle_orlando s0 r8: status=2 t=0.25s gap=7.133225288025021e-07
[10/90] ref seattle_orlando s0 r11: status=2 t=0.25s gap=7.133225288025021e-07
[11/90] ref seattle_orlando s0 r10: status=2 t=0.25s gap=7.133225288025021e-07
[12/90] ref seattle_orlando s0 r12: status=2 t=0.25s gap=7.133225288025021e-07
[13/90] ref seattle_orlando s0 r14: status=2 t=0.25s gap=7.133225288025021e-07
[14/90] ref seattle_orlando s0 r13: status=2 t=0.25s gap=7.133225288025021e-07
[15/90] ref seattle_orlando s0 r9: status=2 t=0.25s gap=7.133225288025021e-07
[16/90] ref seattle_orlando s0 r15: status=2 t=0.26s gap=7.133225288025021e-07
Computing routes...
Computing routes...
Computing routes...
Computing routes...
Computing routes...
Computing routes...
Computing routes...
Computing routes...
[17/90] ref seattle_orlando s0 r17: status=2 t=0.25s gap=7.133225288025021e-07
[18/90] ref seattle_orlando s0 r19: status=2 t=0.25s gap=7.133225288025021e-07
[19/90] ref seattle_orlando s0 r16: status=2 t=0.25s gap=7.133225288025021e-07
[20/90] ref seattle_orlando s0 r18: status=2 t=0.25s gap=7.133225288025021e-07
Computing routes...
Computing routes...
Computing routes...
Computing routes...
[21/90] sample sample_instance s0 r1: status=2 t=6.15s gap=1.206518788772094e-07
[22/90] sample sample_instance s0 r0: status=2 t=6.23s gap=1.206518788772094e-07
Computing routes...
[23/90] sample sample_instance s0 r2: status=2 t=6.35s gap=1.206518788772094e-07
[24/90] sample sample_instance s0 r3: status=2 t=6.32s gap=1.206518788772094e-07
Computing routes...
[25/90] sample sample_instance s0 r4: status=2 t=6.12s gap=1.206518788772094e-07
[26/90] sample sample_instance s0 r5: status=2 t=6.12s gap=1.206518788772094e-07
[27/90] sample sample_instance s0 r7: status=2 t=6.12s gap=1.206518788772094e-07
Computing routes...
Computing routes...
Computing routes...
Computing routes...
Computing routes...
[28/90] sample sample_instance s0 r6: status=2 t=6.39s gap=1.206518788772094e-07
Computing routes...
[29/90] sample sample_instance s0 r8: status=2 t=6.13s gap=1.206518788772094e-07
Computing routes...
[30/90] sample sample_instance s0 r9: status=2 t=6.31s gap=1.206518788772094e-07
[31/90] sample sample_instance s0 r10: status=2 t=6.26s gap=1.206518788772094e-07
[32/90] sample sample_instance s0 r11: status=2 t=6.29s gap=1.206518788772094e-07
[33/90] sample sample_instance s0 r12: status=2 t=6.10s gap=1.206518788772094e-07
[34/90] sample sample_instance s0 r14: status=2 t=6.10s gap=1.206518788772094e-07
[35/90] sample sample_instance s0 r13: status=2 t=6.12s gap=1.206518788772094e-07
Computing routes...
Computing routes...
Computing routes...
Computing routes...
Computing routes...
Computing routes...
[36/90] sample sample_instance s0 r15: status=2 t=6.28s gap=1.206518788772094e-07
Computing routes...
[37/90] uc2 use_case_2 s0 r0: status=2 t=0.66s gap=5.951046082617466e-07
[38/90] uc2 use_case_2 s0 r1: status=2 t=0.66s gap=5.951046082617466e-07
[39/90] uc2 use_case_2 s0 r2: status=2 t=0.65s gap=5.951046082617466e-07
Computing routes...
Computing routes...
Computing routes...
[40/90] uc2 use_case_2 s0 r3: status=2 t=0.67s gap=5.951046082617466e-07
Computing routes...
[41/90] uc2 use_case_2 s0 r5: status=2 t=0.65s gap=5.951046082617466e-07
[42/90] uc2 use_case_2 s0 r4: status=2 t=0.66s gap=5.951046082617466e-07
[43/90] uc2 use_case_2 s0 r6: status=2 t=0.65s gap=5.951046082617466e-07
Computing routes...
Computing routes...
Computing routes...
[44/90] uc2 use_case_2 s0 r7: status=2 t=0.68s gap=5.951046082617466e-07
Computing routes...
[45/90] uc2 use_case_2 s0 r8: status=2 t=0.66s gap=5.951046082617466e-07
[46/90] uc2 use_case_2 s0 r9: status=2 t=0.66s gap=5.951046082617466e-07
[47/90] uc2 use_case_2 s0 r10: status=2 t=0.66s gap=5.951046082617466e-07
Computing routes...
Computing routes...
Computing routes...
[48/90] uc2 use_case_2 s0 r11: status=2 t=0.67s gap=5.951046082617466e-07
[49/90] uc2 use_case_2 s0 r13: status=2 t=0.65s gap=5.951046082617466e-07
[50/90] uc2 use_case_2 s0 r12: status=2 t=0.65s gap=5.951046082617466e-07
Computing routes...
[51/90] uc2 use_case_2 s0 r14: status=2 t=0.66s gap=5.951046082617466e-07
Computing routes...
Computing routes...
Computing routes...
[52/90] uc2 use_case_2 s0 r15: status=2 t=0.68s gap=5.951046082617466e-07
[53/90] uc2 use_case_2 s0 r16: status=2 t=0.66s gap=5.951046082617466e-07
[54/90] uc2 use_case_2 s0 r17: status=2 t=0.65s gap=5.951046082617466e-07
[55/90] uc2 use_case_2 s0 r18: status=2 t=0.65s gap=5.951046082617466e-07
Computing routes...
Computing routes...
Computing routes...
Computing routes...
[56/90] orders n=1 s0 r0: status=2 t=0.08s gap=1.4176983380722717e-07
[57/90] orders n=1 s2 r0: status=2 t=0.09s gap=7.774634533446759e-07
Computing routes...
Computing routes...
[58/90] orders n=1 s1 r0: status=2 t=0.40s gap=7.320981643171874e-07
[59/90] uc2 use_case_2 s0 r19: status=2 t=0.68s gap=5.951046082617466e-07
Computing routes...
Computing routes...
[60/90] orders n=2 s2 r0: status=2 t=0.21s gap=6.511767192831926e-08
[61/90] sample sample_instance s0 r16: status=2 t=6.16s gap=1.206518788772094e-07
[62/90] orders n=2 s0 r0: status=2 t=0.76s gap=2.4735311164766323e-05
Computing routes...
Computing routes...
[63/90] sample sample_instance s0 r17: status=2 t=6.24s gap=1.206518788772094e-07
Computing routes...
[64/90] sample sample_instance s0 r18: status=2 t=6.26s gap=1.206518788772094e-07
Computing routes...
[65/90] sample sample_instance s0 r19: status=2 t=6.29s gap=1.206518788772094e-07
Computing routes...
[66/90] orders n=2 s1 r0: status=2 t=1.54s gap=1.3121734095035356e-06
Computing routes...
Computing routes...
[67/90] orders n=3 s2 r0: status=2 t=4.23s gap=3.721978863874642e-08
Computing routes...
[68/90] orders n=3 s1 r0: status=2 t=5.46s gap=4.9210153365370965e-05
Computing routes...
[69/90] orders n=3 s0 r0: status=2 t=12.59s gap=7.587506150751966e-05
Computing routes...
[70/90] orders n=5 s2 r0: status=2 t=25.38s gap=6.53389309988212e-05
Computing routes...
[71/90] orders n=5 s1 r0: status=2 t=31.71s gap=9.078471795738712e-05
Computing routes...
[72/90] orders n=5 s0 r0: status=2 t=459.34s gap=9.867309536229014e-05
Computing routes...
[73/90] orders n=8 s0 r0: status=9 t=600.04s gap=0.3405622907424279
Computing routes...
[74/90] orders n=8 s1 r0: status=9 t=600.05s gap=0.38014185087194713
Computing routes...
[75/90] orders n=8 s2 r0: status=9 t=600.05s gap=0.27402317366967455
Computing routes...
[76/90] orders n=10 s0 r0: status=9 t=600.05s gap=0.3227131116272236
Computing routes...
[77/90] orders n=10 s1 r0: status=9 t=600.06s gap=0.21671337520450717
Computing routes...
[78/90] orders n=10 s2 r0: status=9 t=600.05s gap=0.36667572650217606
Computing routes...
[79/90] orders n=15 s0 r0: status=9 t=600.07s gap=0.5527058999262786
Computing routes...
[80/90] orders n=15 s1 r0: status=9 t=600.08s gap=0.5983109856283313
Computing routes...
[81/90] orders n=15 s2 r0: status=9 t=600.07s gap=0.5903880107493028
Computing routes...
[82/90] orders n=20 s0 r0: status=9 t=600.10s gap=0.5308310286345139
Computing routes...
[83/90] orders n=20 s1 r0: status=9 t=600.17s gap=0.4822863123583443
[84/90] orders n=20 s2 r0: status=9 t=600.13s gap=0.641712602702259
[85/90] orders n=25 s0 r0: status=9 t=600.12s gap=0.5502916600980456
[86/90] orders n=25 s1 r0: status=9 t=600.11s gap=0.6376286323844358
[87/90] orders n=25 s2 r0: status=9 t=600.13s gap=0.5355732908399932
[88/90] orders n=30 s0 r0: status=9 t=600.15s gap=0.5012857660957488
[89/90] orders n=30 s1 r0: status=9 t=600.21s gap=0.49290277598072774
[90/90] orders n=30 s2 r0: status=9 t=600.15s gap=0.5327361416577193
