{"host": "62e8282e8b32", "python": "3.11.17", "backend": "routes", "solver_version": "ortools 9.14.6206", "gurobi": null, "cpu_count": 128, "grb_settings": {"TimeLimit": 120.0, "Threads": 1, "OutputFlag": 0, "RouteWorkers": 32}, "parallel_workers": 1}
39 solves to run (0 already done)
Computing routes...
WARNING: All log messages before absl::InitializeLog() is called are written to STDERR
E0000 00:00:1791343947.348190       1 highs_interface.cc:226] Number of nodes only available for discrete problems
[1/39] ref seattle_orlando s0 r0: status=HEURISTIC t=17.39s gap=None
Computing routes...
E0000 00:00:1791343965.190859       1 highs_interface.cc:226] Number of nodes only available for discrete problems
[2/39] ref seattle_orlando s0 r1: status=HEURISTIC t=17.47s gap=None
Computing routes...
E0000 00:00:1791343982.831142       1 highs_interface.cc:226] Number of nodes only available for discrete problems
[3/39] ref seattle_orlando s0 r2: status=HEURISTIC t=17.28s gap=None
Computing routes...
E0000 00:00:1791344103.383971       1 highs_interface.cc:226] Number of nodes only available for discrete problems
[4/39] sample sample_instance s0 r0: status=HEURISTIC t=120.16s gap=None
Computing routes...
E0000 00:00:1791344223.839121       1 highs_interface.cc:226] Number of nodes only available for discrete problems
[5/39] sample sample_instance s0 r1: status=HEURISTIC t=120.09s gap=None
Computing routes...
E0000 00:00:1791344344.391794       1 highs_interface.cc:226] Number of nodes only available for discrete problems
[6/39] sample sample_instance s0 r2: status=HEURISTIC t=120.17s gap=None
Computing routes...
E0000 00:00:1791344362.524330       1 highs_interface.cc:226] Number of nodes only available for discrete problems
[7/39] uc2 use_case_2 s0 r0: status=HEURISTIC t=17.78s gap=None
Computing routes...
E0000 00:00:1791344380.660443       1 highs_interface.cc:226] Number of nodes only available for discrete problems
[8/39] uc2 use_case_2 s0 r1: status=HEURISTIC t=17.79s gap=None
Computing routes...
E0000 00:00:1791344399.200517       1 highs_interface.cc:226] Number of nodes only available for discrete problems
[9/39] uc2 use_case_2 s0 r2: status=HEURISTIC t=18.19s gap=None
Computing routes...
E0000 00:00:1791344419.109307       1 highs_interface.cc:226] Number of nodes only available for discrete problems
[10/39] orders n=1 s0 r0: status=HEURISTIC t=19.56s gap=None
Computing routes...
E0000 00:00:1791344462.284326       1 highs_interface.cc:226] Number of nodes only available for discrete problems
[11/39] orders n=1 s1 r0: status=HEURISTIC t=42.83s gap=None
Computing routes...
E0000 00:00:1791344498.960558       1 highs_interface.cc:226] Number of nodes only available for discrete problems
[12/39] orders n=1 s2 r0: status=HEURISTIC t=36.32s gap=None
Computing routes...
E0000 00:00:1791344599.401502       1 highs_interface.cc:226] Number of nodes only available for discrete problems
[13/39] orders n=2 s0 r0: status=HEURISTIC t=100.03s gap=None
Computing routes...
E0000 00:00:1791344719.825928       1 highs_interface.cc:226] Number of nodes only available for discrete problems
[14/39] orders n=2 s1 r0: status=HEURISTIC t=120.08s gap=None
Computing routes...
E0000 00:00:1791344799.401083       1 highs_interface.cc:226] Number of nodes only available for discrete problems
[15/39] orders n=2 s2 r0: status=HEURISTIC t=79.18s gap=None
Computing routes...
E0000 00:00:1791344920.682512       1 highs_interface.cc:226] Number of nodes only available for discrete problems
[16/39] orders n=3 s0 r0: status=HEURISTIC t=120.92s gap=None
Computing routes...
E0000 00:00:1791345043.428846       1 highs_interface.cc:226] Number of nodes only available for discrete problems
[17/39] orders n=3 s1 r0: status=HEURISTIC t=122.37s gap=None
Computing routes...
E0000 00:00:1791345148.854997       1 highs_interface.cc:226] Number of nodes only available for discrete problems
[18/39] orders n=3 s2 r0: status=HEURISTIC t=105.06s gap=None
Computing routes...
E0000 00:00:1791345272.544599       1 highs_interface.cc:226] Number of nodes only available for discrete problems
[19/39] orders n=5 s0 r0: status=HEURISTIC t=123.24s gap=None
Computing routes...
E0000 00:00:1791345393.367511       1 highs_interface.cc:226] Number of nodes only available for discrete problems
[20/39] orders n=5 s1 r0: status=HEURISTIC t=120.43s gap=None
Computing routes...
E0000 00:00:1791345514.081374       1 highs_interface.cc:226] Number of nodes only available for discrete problems
[21/39] orders n=5 s2 r0: status=HEURISTIC t=120.27s gap=None
Computing routes...
E0000 00:00:1791345635.508259       1 highs_interface.cc:226] Number of nodes only available for discrete problems
[22/39] orders n=8 s0 r0: status=HEURISTIC t=120.96s gap=None
Computing routes...
E0000 00:00:1791345759.152549       1 highs_interface.cc:226] Number of nodes only available for discrete problems
[23/39] orders n=8 s1 r0: status=HEURISTIC t=123.20s gap=None
Computing routes...
E0000 00:00:1791345884.433103       1 highs_interface.cc:226] Number of nodes only available for discrete problems
[24/39] orders n=8 s2 r0: status=HEURISTIC t=124.79s gap=None
Computing routes...
