{"host": "781bc00b1bf3", "python": "3.11.17", "backend": "scip", "solver_version": "ortools 9.14.6206", "gurobi": null, "cpu_count": 128, "grb_settings": {"TimeLimit": 600, "Threads": 16, "OutputFlag": 0}}
Computing routes...
90 solves to run (0 already done)
Computing routes...
[1/90] ref seattle_orlando s0 r0: status=2 t=0.94s gap=1.389728924255742e-16
Computing routes...
[2/90] ref seattle_orlando s0 r1: status=2 t=0.75s gap=1.389728924255742e-16
Computing routes...
[3/90] ref seattle_orlando s0 r2: status=2 t=0.75s gap=1.389728924255742e-16
Computing routes...
[4/90] ref seattle_orlando s0 r3: status=2 t=0.74s gap=1.389728924255742e-16
Computing routes...
[5/90] ref seattle_orlando s0 r4: status=2 t=0.75s gap=1.389728924255742e-16
Computing routes...
[6/90] ref seattle_orlando s0 r5: status=2 t=0.76s gap=1.389728924255742e-16
Computing routes...
[7/90] ref seattle_orlando s0 r6: status=2 t=0.75s gap=1.389728924255742e-16
Computing routes...
[8/90] ref seattle_orlando s0 r7: status=2 t=0.74s gap=1.389728924255742e-16
Computing routes...
[9/90] ref seattle_orlando s0 r8: status=2 t=0.85s gap=1.389728924255742e-16
Computing routes...
[10/90] ref seattle_orlando s0 r9: status=2 t=0.88s gap=1.389728924255742e-16
Computing routes...
[11/90] ref seattle_orlando s0 r10: status=2 t=1.03s gap=1.389728924255742e-16
Computing routes...
[12/90] ref seattle_orlando s0 r11: status=2 t=1.04s gap=1.389728924255742e-16
Computing routes...
[13/90] ref seattle_orlando s0 r12: status=2 t=1.06s gap=1.389728924255742e-16
Computing routes...
[14/90] ref seattle_orlando s0 r13: status=2 t=1.00s gap=1.389728924255742e-16
Computing routes...
[15/90] ref seattle_orlando s0 r14: status=2 t=1.16s gap=1.389728924255742e-16
Computing routes...
[16/90] ref seattle_orlando s0 r15: status=2 t=1.09s gap=1.389728924255742e-16
Computing routes...
[17/90] ref seattle_orlando s0 r16: status=2 t=0.98s gap=1.389728924255742e-16
Computing routes...
[18/90] ref seattle_orlando s0 r17: status=2 t=1.11s gap=1.389728924255742e-16
Computing routes...
[19/90] ref seattle_orlando s0 r18: status=2 t=1.07s gap=1.389728924255742e-16
Computing routes...
[20/90] ref seattle_orlando s0 r19: status=2 t=0.99s gap=1.389728924255742e-16
Computing routes...
[21/90] sample sample_instance s0 r0: status=2 t=4.27s gap=0.0
Computing routes...
[22/90] sample sample_instance s0 r1: status=2 t=4.14s gap=0.0
Computing routes...
[23/90] sample sample_instance s0 r2: status=2 t=4.30s gap=0.0
Computing routes...
[24/90] sample sample_instance s0 r3: status=2 t=4.25s gap=0.0
Computing routes...
[25/90] sample sample_instance s0 r4: status=2 t=4.37s gap=0.0
Computing routes...
[26/90] sample sample_instance s0 r5: status=2 t=4.47s gap=0.0
Computing routes...
[27/90] sample sample_instance s0 r6: status=2 t=3.91s gap=0.0
Computing routes...
[28/90] sample sample_instance s0 r7: status=2 t=3.86s gap=0.0
Computing routes...
[29/90] sample sample_instance s0 r8: status=2 t=3.88s gap=0.0
Computing routes...
[30/90] sample sample_instance s0 r9: status=2 t=3.88s gap=0.0
Computing routes...
[31/90] sample sample_instance s0 r10: status=2 t=3.86s gap=0.0
Computing routes...
[32/90] sample sample_instance s0 r11: status=2 t=3.85s gap=0.0
Computing routes...
[33/90] sample sample_instance s0 r12: status=2 t=4.20s gap=0.0
Computing routes...
[34/90] sample sample_instance s0 r13: status=2 t=3.84s gap=0.0
Computing routes...
[35/90] sample sample_instance s0 r14: status=2 t=3.88s gap=0.0
Computing routes...
[36/90] sample sample_instance s0 r15: status=2 t=3.84s gap=0.0
Computing routes...
[37/90] sample sample_instance s0 r16: status=2 t=3.84s gap=0.0
Computing routes...
[38/90] sample sample_instance s0 r17: status=2 t=3.81s gap=0.0
Computing routes...
[39/90] sample sample_instance s0 r18: status=2 t=3.81s gap=0.0
Computing routes...
[40/90] sample sample_instance s0 r19: status=2 t=4.15s gap=0.0
Computing routes...
[41/90] uc2 use_case_2 s0 r0: status=2 t=0.89s gap=0.0
Computing routes...
[42/90] uc2 use_case_2 s0 r1: status=2 t=0.88s gap=0.0
Computing routes...
[43/90] uc2 use_case_2 s0 r2: status=2 t=0.89s gap=0.0
Computing routes...
[44/90] uc2 use_case_2 s0 r3: status=2 t=0.90s gap=0.0
Computing routes...
[45/90] uc2 use_case_2 s0 r4: status=2 t=0.89s gap=0.0
Computing routes...
[46/90] uc2 use_case_2 s0 r5: status=2 t=0.89s gap=0.0
Computing routes...
[47/90] uc2 use_case_2 s0 r6: status=2 t=0.99s gap=0.0
Computing routes...
[48/90] uc2 use_case_2 s0 r7: status=2 t=0.99s gap=0.0
Computing routes...
[49/90] uc2 use_case_2 s0 r8: status=2 t=0.89s gap=0.0
Computing routes...
[50/90] uc2 use_case_2 s0 r9: status=2 t=0.99s gap=0.0
Computing routes...
[51/90] uc2 use_case_2 s0 r10: status=2 t=0.90s gap=0.0
Computing routes...
[52/90] uc2 use_case_2 s0 r11: status=2 t=0.89s gap=0.0
Computing routes...
[53/90] uc2 use_case_2 s0 r12: status=2 t=0.90s gap=0.0
Computing routes...
[54/90] uc2 use_case_2 s0 r13: status=2 t=0.99s gap=0.0
Computing routes...
[55/90] uc2 use_case_2 s0 r14: status=2 t=0.98s gap=0.0
Computing routes...
[56/90] uc2 use_case_2 s0 r15: status=2 t=0.89s gap=0.0
Computing routes...
[57/90] uc2 use_case_2 s0 r16: status=2 t=0.98s gap=0.0
Computing routes...
[58/90] uc2 use_case_2 s0 r17: status=2 t=0.89s gap=0.0
Computing routes...
[59/90] uc2 use_case_2 s0 r18: status=2 t=0.89s gap=0.0
Computing routes...
[60/90] uc2 use_case_2 s0 r19: status=2 t=0.90s gap=0.0
Computing routes...
[61/90] orders n=1 s0 r0: status=2 t=0.41s gap=0.0
Computing routes...
[62/90] orders n=1 s1 r0: status=2 t=0.40s gap=1.9581200361640382e-16
Computing routes...
[63/90] orders n=1 s2 r0: status=2 t=0.24s gap=0.0
Computing routes...
[64/90] orders n=2 s0 r0: status=2 t=1.90s gap=0.0
Computing routes...
[65/90] orders n=2 s1 r0: status=2 t=1.02s gap=0.0
Computing routes...
[66/90] orders n=2 s2 r0: status=2 t=1.03s gap=0.0
Computing routes...
[67/90] orders n=3 s0 r0: status=2 t=5.41s gap=0.0
Computing routes...
[68/90] orders n=3 s1 r0: status=2 t=2.89s gap=0.0
Computing routes...
[69/90] orders n=3 s2 r0: status=2 t=4.10s gap=0.0
Computing routes...
[70/90] orders n=5 s0 r0: status=2 t=423.66s gap=0.0
Computing routes...
[71/90] orders n=5 s1 r0: status=2 t=59.68s gap=0.0
Computing routes...
[72/90] orders n=5 s2 r0: status=2 t=24.28s gap=9.454656678069498e-05
Computing routes...
[73/90] orders n=8 s0 r0: status=9 t=600.39s gap=0.16344011630848462
Computing routes...
[74/90] orders n=8 s1 r0: status=9 t=600.40s gap=0.3944056763854739
Computing routes...
[75/90] orders n=8 s2 r0: status=9 t=600.36s gap=0.26594298568590297
Computing routes...
[76/90] orders n=10 s0 r0: status=9 t=600.45s gap=0.43683116913573855
Computing routes...
[77/90] orders n=10 s1 r0: status=9 t=600.43s gap=0.23667680181877832
Computing routes...
[78/90] orders n=10 s2 r0: status=9 t=600.45s gap=0.291642896579558
Computing routes...
[79/90] orders n=15 s0 r0: status=9 t=600.68s gap=0.6137402053603038
Computing routes...
[80/90] orders n=15 s1 r0: status=9 t=600.66s gap=0.6824266181791944
Computing routes...
[81/90] orders n=15 s2 r0: status=9 t=600.67s gap=0.5963524435402116
Computing routes...
[82/90] orders n=20 s0 r0: status=9 t=600.85s gap=0.604587299365298
Computing routes...
[83/90] orders n=20 s1 r0: status=9 t=600.87s gap=0.4980598358072554
Computing routes...
[84/90] orders n=20 s2 r0: status=9 t=600.86s gap=0.635673716123879
Computing routes...
[85/90] orders n=25 s0 r0: status=9 t=601.00s gap=0.5866767742674577
Computing routes...
[86/90] orders n=25 s1 r0: status=9 t=600.53s gap=0.7016877657120094
Computing routes...
[87/90] orders n=25 s2 r0: status=9 t=600.55s gap=0.5649269640016021
Computing routes...
[88/90] orders n=30 s0 r0: status=9 t=601.33s gap=0.49349319901474004
Computing routes...
[89/90] orders n=30 s1 r0: status=9 t=601.15s gap=0.5538340650448641
Computing routes...
[90/90] orders n=30 s2 r0: status=9 t=600.66s gap=0.5829767212493558
